$ vite preview
7:16:00 AM [vite-plugin-svelte] The following packages have a svelte field in their package.json but no exports condition for svelte.

@sveltejs/svelte-virtual-list@3.0.1
svelte-virtual-list-ce@3.1.0-beta.2

Please see https://github.com/sveltejs/vite-plugin-svelte/blob/main/docs/faq.md#missing-exports-condition for details.
error when starting preview server:
Error [ERR_MODULE_NOT_FOUND]: Cannot find module '/app/.svelte-kit/output/server/manifest.js' imported from /app/node_modules/@sveltejs/kit/src/exports/vite/preview/index.js
    at finalizeResolution (node:internal/modules/esm/resolve:275:11)
    at moduleResolve (node:internal/modules/esm/resolve:861:10)
    at defaultResolve (node:internal/modules/esm/resolve:985:11)
    at #cachedDefaultResolve (node:internal/modules/esm/loader:731:20)
    at #resolveAndMaybeBlockOnLoaderThread (node:internal/modules/esm/loader:767:38)
    at nextStep (node:internal/modules/customization_hooks:189:26)
    at Ie (file:///app/node_modules/@tailwindcss/node/dist/index.mjs:1:539)
    at nextStep (node:internal/modules/customization_hooks:189:26)
    at resolveWithHooks (node:internal/modules/customization_hooks:395:10)
    at ModuleLoader.resolveSync (node:internal/modules/esm/loader:787:14) {
  code: 'ERR_MODULE_NOT_FOUND',
  url: 'file:///app/.svelte-kit/output/server/manifest.js'
}
error: script "preview" exited with code 1
