
Running 6 tests using 2 workers

[1/6] [chromium] › tests/phase-1/e2e.spec.ts:16:3 › Phase 1 - Full Analytics Surface › Command Palette (UX-2)
[2/6] [chromium] › tests/phase-1/e2e.spec.ts:6:3 › Phase 1 - Full Analytics Surface › Workspace Launcher (UX-1)
  1) [chromium] › tests/phase-1/e2e.spec.ts:16:3 › Phase 1 - Full Analytics Surface › Command Palette (UX-2)

    Error: page.goto: net::ERR_CONNECTION_REFUSED at http://localhost:5173/analytics
    Call log:
      - navigating to "http://localhost:5173/analytics", waiting until "load"


      15 |
      16 |   test('Command Palette (UX-2)', async ({ page }) => {
    > 17 |     await page.goto('http://localhost:5173/analytics');
         |                ^
      18 |     const isMac = process.platform === 'darwin';
      19 |     await page.waitForTimeout(2000);
      20 |     await page.keyboard.press('Control+Shift+P');
        at /app/tests/phase-1/e2e.spec.ts:17:16

    Error Context: test-results/phase-1-e2e-Phase-1---Full-d89ba-rface-Command-Palette-UX-2--chromium/error-context.md


  2) [chromium] › tests/phase-1/e2e.spec.ts:6:3 › Phase 1 - Full Analytics Surface › Workspace Launcher (UX-1)

    Error: page.goto: net::ERR_CONNECTION_REFUSED at http://localhost:5173/
    Call log:
      - navigating to "http://localhost:5173/", waiting until "load"


       5 |
       6 |   test('Workspace Launcher (UX-1)', async ({ page }) => {
    >  7 |     await page.goto('http://localhost:5173/');
         |                ^
       8 |     await expect(page.locator('h1', { hasText: 'Welcome to LocalMind' })).toBeVisible({ timeout: 60000 });
       9 |     const analyticsCard = page.locator('a', { hasText: 'Analytics' }).first();
      10 |     await expect(analyticsCard).toBeVisible({ timeout: 60000 });
        at /app/tests/phase-1/e2e.spec.ts:7:16

    Error Context: test-results/phase-1-e2e-Phase-1---Full-5ad96-ce-Workspace-Launcher-UX-1--chromium/error-context.md


[3/6] [chromium] › tests/phase-1/e2e.spec.ts:57:3 › Phase 1 - Full Analytics Surface › Data Ingestion & DuckDB
[4/6] [chromium] › tests/phase-1/e2e.spec.ts:64:3 › Phase 1 - Full Analytics Surface › BI Pivot Builder & Template Gallery
  3) [chromium] › tests/phase-1/e2e.spec.ts:57:3 › Phase 1 - Full Analytics Surface › Data Ingestion & DuckDB

    Error: page.goto: net::ERR_CONNECTION_REFUSED at http://localhost:5173/analytics
    Call log:
      - navigating to "http://localhost:5173/analytics", waiting until "load"


      56 |
      57 |   test('Data Ingestion & DuckDB', async ({ page }) => {
    > 58 |     await page.goto('http://localhost:5173/analytics');
         |                ^
      59 |     await uploadFile(page);
      60 |     await page.locator('button', { hasText: 'Run Query' }).click();
      61 |     await page.waitForSelector('table tbody tr', { timeout: 60000 });
        at /app/tests/phase-1/e2e.spec.ts:58:16

    Error Context: test-results/phase-1-e2e-Phase-1---Full-d112a-rface-Data-Ingestion-DuckDB-chromium/error-context.md


  4) [chromium] › tests/phase-1/e2e.spec.ts:64:3 › Phase 1 - Full Analytics Surface › BI Pivot Builder & Template Gallery

    Error: page.goto: net::ERR_CONNECTION_REFUSED at http://localhost:5173/analytics
    Call log:
      - navigating to "http://localhost:5173/analytics", waiting until "load"


      63 |
      64 |   test('BI Pivot Builder & Template Gallery', async ({ page }) => {
    > 65 |     await page.goto('http://localhost:5173/analytics');
         |                ^
      66 |     await uploadFile(page);
      67 |     await page.locator('button', { hasText: 'Run Query' }).click();
      68 |     await page.waitForSelector('table tbody tr', { timeout: 60000 });
        at /app/tests/phase-1/e2e.spec.ts:65:16

    Error Context: test-results/phase-1-e2e-Phase-1---Full-a53b9-ot-Builder-Template-Gallery-chromium/error-context.md


[5/6] [chromium] › tests/phase-1/e2e.spec.ts:95:3 › Phase 1 - Full Analytics Surface › Static HTML Report Export (UX-3)
[6/6] [chromium] › tests/phase-1/e2e.spec.ts:114:3 › Phase 1 - Full Analytics Surface › AI Consent Flow (No Mocking)
  5) [chromium] › tests/phase-1/e2e.spec.ts:95:3 › Phase 1 - Full Analytics Surface › Static HTML Report Export (UX-3)

    Error: page.goto: net::ERR_CONNECTION_REFUSED at http://localhost:5173/analytics
    Call log:
      - navigating to "http://localhost:5173/analytics", waiting until "load"


      94 |
      95 |   test('Static HTML Report Export (UX-3)', async ({ page }) => {
    > 96 |     await page.goto('http://localhost:5173/analytics');
         |                ^
      97 |     await uploadFile(page);
      98 |     await page.locator('button', { hasText: 'Run Query' }).click();
      99 |     await page.waitForSelector('table tbody tr', { timeout: 60000 });
        at /app/tests/phase-1/e2e.spec.ts:96:16

    Error Context: test-results/phase-1-e2e-Phase-1---Full-10f43-ic-HTML-Report-Export-UX-3--chromium/error-context.md


  6) [chromium] › tests/phase-1/e2e.spec.ts:114:3 › Phase 1 - Full Analytics Surface › AI Consent Flow (No Mocking)

    Error: page.goto: net::ERR_CONNECTION_REFUSED at http://localhost:5173/analytics
    Call log:
      - navigating to "http://localhost:5173/analytics", waiting until "load"


      113 |
      114 |   test('AI Consent Flow (No Mocking)', async ({ page }) => {
    > 115 |     await page.goto('http://localhost:5173/analytics');
          |                ^
      116 |     await uploadFile(page);
      117 |     await page.locator('button', { hasText: 'Run Query' }).click();
      118 |     await page.waitForSelector('table tbody tr', { timeout: 60000 });
        at /app/tests/phase-1/e2e.spec.ts:115:16

    Error Context: test-results/phase-1-e2e-Phase-1---Full-3c9f5-AI-Consent-Flow-No-Mocking--chromium/error-context.md


  6 failed
    [chromium] › tests/phase-1/e2e.spec.ts:6:3 › Phase 1 - Full Analytics Surface › Workspace Launcher (UX-1)
    [chromium] › tests/phase-1/e2e.spec.ts:16:3 › Phase 1 - Full Analytics Surface › Command Palette (UX-2)
    [chromium] › tests/phase-1/e2e.spec.ts:57:3 › Phase 1 - Full Analytics Surface › Data Ingestion & DuckDB
    [chromium] › tests/phase-1/e2e.spec.ts:64:3 › Phase 1 - Full Analytics Surface › BI Pivot Builder & Template Gallery
    [chromium] › tests/phase-1/e2e.spec.ts:95:3 › Phase 1 - Full Analytics Surface › Static HTML Report Export (UX-3)
    [chromium] › tests/phase-1/e2e.spec.ts:114:3 › Phase 1 - Full Analytics Surface › AI Consent Flow (No Mocking)
