
Running 6 tests using 2 workers

[1/6] [chromium] › tests/phase-1/e2e.spec.ts:6:3 › Phase 1 - Full Analytics Surface › Workspace Launcher (UX-1)
[2/6] [chromium] › tests/phase-1/e2e.spec.ts:16:3 › Phase 1 - Full Analytics Surface › Command Palette (UX-2)
[3/6] [chromium] › tests/phase-1/e2e.spec.ts:57:3 › Phase 1 - Full Analytics Surface › Data Ingestion & DuckDB
[chromium] › tests/phase-1/e2e.spec.ts:57:3 › Phase 1 - Full Analytics Surface › Data Ingestion & DuckDB
BROWSER: [vite] connecting...

BROWSER: [vite] connected.

BROWSER: SW registered:  ServiceWorkerRegistration

[4/6] [chromium] › tests/phase-1/e2e.spec.ts:64:3 › Phase 1 - Full Analytics Surface › BI Pivot Builder & Template Gallery
[chromium] › tests/phase-1/e2e.spec.ts:64:3 › Phase 1 - Full Analytics Surface › BI Pivot Builder & Template Gallery
BROWSER: [vite] connecting...

BROWSER: [vite] connected.

BROWSER: SW registered:  ServiceWorkerRegistration

[chromium] › tests/phase-1/e2e.spec.ts:57:3 › Phase 1 - Full Analytics Surface › Data Ingestion & DuckDB
BROWSER: {timestamp: Fri Jul 31 2026 13:41:33 GMT+0000 (Coordinated Universal Time), level: 2, origin: 4, topic: 4, event: 4}

BROWSER: {timestamp: Fri Jul 31 2026 13:41:34 GMT+0000 (Coordinated Universal Time), level: 2, origin: 4, topic: 4, event: 4}

BROWSER: %c[svelte] console_log_state
%cYour `console.log` contained `$state` proxies. Consider using `$inspect(...)` or `$state.snapshot(...)` instead
https://svelte.dev/e/console_log_state font-weight: bold font-weight: normal

BROWSER: %c[snapshot] color: grey Query result: {columns: Array(4), rows: Array(3), executionTimeMs: 117.75}

BROWSER: Query result: Proxy(Object)

[5/6] [chromium] › tests/phase-1/e2e.spec.ts:95:3 › Phase 1 - Full Analytics Surface › Static HTML Report Export (UX-3)
[chromium] › tests/phase-1/e2e.spec.ts:64:3 › Phase 1 - Full Analytics Surface › BI Pivot Builder & Template Gallery
BROWSER: {timestamp: Fri Jul 31 2026 13:41:35 GMT+0000 (Coordinated Universal Time), level: 2, origin: 4, topic: 4, event: 4}

[chromium] › tests/phase-1/e2e.spec.ts:95:3 › Phase 1 - Full Analytics Surface › Static HTML Report Export (UX-3)
BROWSER: [vite] connecting...

BROWSER: [vite] connected.

[chromium] › tests/phase-1/e2e.spec.ts:64:3 › Phase 1 - Full Analytics Surface › BI Pivot Builder & Template Gallery
BROWSER: {timestamp: Fri Jul 31 2026 13:41:35 GMT+0000 (Coordinated Universal Time), level: 2, origin: 4, topic: 4, event: 4}

BROWSER: %c[svelte] console_log_state
%cYour `console.log` contained `$state` proxies. Consider using `$inspect(...)` or `$state.snapshot(...)` instead
https://svelte.dev/e/console_log_state font-weight: bold font-weight: normal

BROWSER: %c[snapshot] color: grey Query result: {columns: Array(4), rows: Array(3), executionTimeMs: 45.84000000031665}

BROWSER: Query result: Proxy(Object)

BROWSER: {timestamp: Fri Jul 31 2026 13:41:35 GMT+0000 (Coordinated Universal Time), level: 2, origin: 4, topic: 4, event: 4}

BROWSER: {timestamp: Fri Jul 31 2026 13:41:35 GMT+0000 (Coordinated Universal Time), level: 2, origin: 4, topic: 4, event: 4}

BROWSER: {timestamp: Fri Jul 31 2026 13:41:35 GMT+0000 (Coordinated Universal Time), level: 2, origin: 4, topic: 4, event: 4}

BROWSER: {timestamp: Fri Jul 31 2026 13:41:36 GMT+0000 (Coordinated Universal Time), level: 2, origin: 4, topic: 4, event: 4}

[chromium] › tests/phase-1/e2e.spec.ts:95:3 › Phase 1 - Full Analytics Surface › Static HTML Report Export (UX-3)
BROWSER: SW registered:  ServiceWorkerRegistration

[6/6] [chromium] › tests/phase-1/e2e.spec.ts:114:3 › Phase 1 - Full Analytics Surface › AI Consent Flow (No Mocking)
[chromium] › tests/phase-1/e2e.spec.ts:114:3 › Phase 1 - Full Analytics Surface › AI Consent Flow (No Mocking)
BROWSER: [vite] connecting...

BROWSER: [vite] connected.

BROWSER: SW registered:  ServiceWorkerRegistration

[chromium] › tests/phase-1/e2e.spec.ts:95:3 › Phase 1 - Full Analytics Surface › Static HTML Report Export (UX-3)
BROWSER: {timestamp: Fri Jul 31 2026 13:41:41 GMT+0000 (Coordinated Universal Time), level: 2, origin: 4, topic: 4, event: 4}

BROWSER: {timestamp: Fri Jul 31 2026 13:41:41 GMT+0000 (Coordinated Universal Time), level: 2, origin: 4, topic: 4, event: 4}

BROWSER: %c[svelte] console_log_state
%cYour `console.log` contained `$state` proxies. Consider using `$inspect(...)` or `$state.snapshot(...)` instead
https://svelte.dev/e/console_log_state font-weight: bold font-weight: normal

BROWSER: %c[snapshot] color: grey Query result: {columns: Array(4), rows: Array(3), executionTimeMs: 73.87000000011176}

BROWSER: Query result: Proxy(Object)

[chromium] › tests/phase-1/e2e.spec.ts:114:3 › Phase 1 - Full Analytics Surface › AI Consent Flow (No Mocking)
BROWSER: {timestamp: Fri Jul 31 2026 13:41:42 GMT+0000 (Coordinated Universal Time), level: 2, origin: 4, topic: 4, event: 4}

BROWSER: {timestamp: Fri Jul 31 2026 13:41:43 GMT+0000 (Coordinated Universal Time), level: 2, origin: 4, topic: 4, event: 4}

BROWSER: %c[svelte] console_log_state
%cYour `console.log` contained `$state` proxies. Consider using `$inspect(...)` or `$state.snapshot(...)` instead
https://svelte.dev/e/console_log_state font-weight: bold font-weight: normal

BROWSER: %c[snapshot] color: grey Query result: {columns: Array(4), rows: Array(3), executionTimeMs: 41.16500000003725}

BROWSER: Query result: Proxy(Object)

BROWSER: {timestamp: Fri Jul 31 2026 13:41:45 GMT+0000 (Coordinated Universal Time), level: 2, origin: 4, topic: 4, event: 4}

  6 passed (21.6s)
