
Running 6 tests using 2 workers

[1/6] [chromium] › tests/phase-1/e2e.spec.ts:6:3 › Phase 1 - Full Analytics Surface › Workspace Launcher (UX-1)
[2/6] [chromium] › tests/phase-1/e2e.spec.ts:16:3 › Phase 1 - Full Analytics Surface › Command Palette (UX-2)
[3/6] [chromium] › tests/phase-1/e2e.spec.ts:57:3 › Phase 1 - Full Analytics Surface › Data Ingestion & DuckDB
[chromium] › tests/phase-1/e2e.spec.ts:57:3 › Phase 1 - Full Analytics Surface › Data Ingestion & DuckDB
BROWSER: [vite] connecting...

BROWSER: [vite] connected.

[4/6] [chromium] › tests/phase-1/e2e.spec.ts:64:3 › Phase 1 - Full Analytics Surface › BI Pivot Builder & Template Gallery
BROWSER: SW registered:  ServiceWorkerRegistration

[chromium] › tests/phase-1/e2e.spec.ts:64:3 › Phase 1 - Full Analytics Surface › BI Pivot Builder & Template Gallery
BROWSER: [vite] connecting...

BROWSER: [vite] connected.

BROWSER: SW registered:  ServiceWorkerRegistration

[chromium] › tests/phase-1/e2e.spec.ts:57:3 › Phase 1 - Full Analytics Surface › Data Ingestion & DuckDB
BROWSER: {timestamp: Fri Jul 31 2026 13:20:09 GMT+0000 (Coordinated Universal Time), level: 2, origin: 4, topic: 4, event: 4}

BROWSER: {timestamp: Fri Jul 31 2026 13:20:10 GMT+0000 (Coordinated Universal Time), level: 2, origin: 4, topic: 4, event: 4}

BROWSER: %c[svelte] console_log_state
%cYour `console.log` contained `$state` proxies. Consider using `$inspect(...)` or `$state.snapshot(...)` instead
https://svelte.dev/e/console_log_state font-weight: bold font-weight: normal

BROWSER: %c[snapshot] color: grey Query result: {columns: Array(4), rows: Array(3), executionTimeMs: 175.98499999986961}

BROWSER: Query result: Proxy(Object)

[5/6] [chromium] › tests/phase-1/e2e.spec.ts:96:3 › Phase 1 - Full Analytics Surface › Static HTML Report Export (UX-3)
[chromium] › tests/phase-1/e2e.spec.ts:64:3 › Phase 1 - Full Analytics Surface › BI Pivot Builder & Template Gallery
BROWSER: {timestamp: Fri Jul 31 2026 13:20:11 GMT+0000 (Coordinated Universal Time), level: 2, origin: 4, topic: 4, event: 4}

BROWSER: {timestamp: Fri Jul 31 2026 13:20:11 GMT+0000 (Coordinated Universal Time), level: 2, origin: 4, topic: 4, event: 4}

[chromium] › tests/phase-1/e2e.spec.ts:96:3 › Phase 1 - Full Analytics Surface › Static HTML Report Export (UX-3)
BROWSER: [vite] connecting...

[chromium] › tests/phase-1/e2e.spec.ts:64:3 › Phase 1 - Full Analytics Surface › BI Pivot Builder & Template Gallery
BROWSER: %c[svelte] console_log_state
%cYour `console.log` contained `$state` proxies. Consider using `$inspect(...)` or `$state.snapshot(...)` instead
https://svelte.dev/e/console_log_state font-weight: bold font-weight: normal

BROWSER: %c[snapshot] color: grey Query result: {columns: Array(4), rows: Array(3), executionTimeMs: 83.66500000003725}

BROWSER: Query result: Proxy(Object)

[chromium] › tests/phase-1/e2e.spec.ts:96:3 › Phase 1 - Full Analytics Surface › Static HTML Report Export (UX-3)
BROWSER: [vite] connected.

BROWSER: SW registered:  ServiceWorkerRegistration

BROWSER: {timestamp: Fri Jul 31 2026 13:20:17 GMT+0000 (Coordinated Universal Time), level: 2, origin: 4, topic: 4, event: 4}

BROWSER: {timestamp: Fri Jul 31 2026 13:20:17 GMT+0000 (Coordinated Universal Time), level: 2, origin: 4, topic: 4, event: 4}

BROWSER: %c[svelte] console_log_state
%cYour `console.log` contained `$state` proxies. Consider using `$inspect(...)` or `$state.snapshot(...)` instead
https://svelte.dev/e/console_log_state font-weight: bold font-weight: normal

BROWSER: %c[snapshot] color: grey Query result: {columns: Array(4), rows: Array(3), executionTimeMs: 77.11499999975786}

BROWSER: Query result: Proxy(Object)

[6/6] [chromium] › tests/phase-1/e2e.spec.ts:115:3 › Phase 1 - Full Analytics Surface › AI Consent Flow (No Mocking)
[chromium] › tests/phase-1/e2e.spec.ts:115:3 › Phase 1 - Full Analytics Surface › AI Consent Flow (No Mocking)
BROWSER: [vite] connecting...

BROWSER: [vite] connected.

BROWSER: SW registered:  ServiceWorkerRegistration

BROWSER: {timestamp: Fri Jul 31 2026 13:20:24 GMT+0000 (Coordinated Universal Time), level: 2, origin: 4, topic: 4, event: 4}

BROWSER: {timestamp: Fri Jul 31 2026 13:20:24 GMT+0000 (Coordinated Universal Time), level: 2, origin: 4, topic: 4, event: 4}

BROWSER: %c[svelte] console_log_state
%cYour `console.log` contained `$state` proxies. Consider using `$inspect(...)` or `$state.snapshot(...)` instead
https://svelte.dev/e/console_log_state font-weight: bold font-weight: normal

BROWSER: %c[snapshot] color: grey Query result: {columns: Array(4), rows: Array(3), executionTimeMs: 40.39999999990687}

BROWSER: Query result: Proxy(Object)

BROWSER: {timestamp: Fri Jul 31 2026 13:20:28 GMT+0000 (Coordinated Universal Time), level: 2, origin: 4, topic: 4, event: 4}

  1) [chromium] › tests/phase-1/e2e.spec.ts:64:3 › Phase 1 - Full Analytics Surface › BI Pivot Builder & Template Gallery

    Test timeout of 300000ms exceeded.

    Error: locator.click: Test timeout of 300000ms exceeded.
    Call log:
      - waiting for locator('button').filter({ hasText: '🔀 Pivot' })


      69 |
      70 |     // Switch to Pivot Builder panel if necessary (Wait for the switch and then verify grid load)
    > 71 |     await page.locator('button', { hasText: '🔀 Pivot' }).click();
         |                                                           ^
      72 |     await page.waitForSelector('.ag-row', { timeout: 60000 });
      73 |
      74 |     // Must select a table to pivot before the Templates button appears
        at /app/tests/phase-1/e2e.spec.ts:71:59

    Error Context: test-results/phase-1-e2e-Phase-1---Full-a53b9-ot-Builder-Template-Gallery-chromium/error-context.md


  1 failed
    [chromium] › tests/phase-1/e2e.spec.ts:64:3 › Phase 1 - Full Analytics Surface › BI Pivot Builder & Template Gallery
  5 passed (5.1m)
