
Running 6 tests using 2 workers

[1/6] [chromium] › tests/phase-1/e2e.spec.ts:16:3 › Phase 1 - Full Analytics Surface › Command Palette (UX-2)
[2/6] [chromium] › tests/phase-1/e2e.spec.ts:6:3 › Phase 1 - Full Analytics Surface › Workspace Launcher (UX-1)
[3/6] [chromium] › tests/phase-1/e2e.spec.ts:57:3 › Phase 1 - Full Analytics Surface › Data Ingestion & DuckDB
[chromium] › tests/phase-1/e2e.spec.ts:57:3 › Phase 1 - Full Analytics Surface › Data Ingestion & DuckDB
BROWSER: [vite] connecting...

BROWSER: [vite] connected.

[4/6] [chromium] › tests/phase-1/e2e.spec.ts:64:3 › Phase 1 - Full Analytics Surface › BI Pivot Builder & Template Gallery
[chromium] › tests/phase-1/e2e.spec.ts:64:3 › Phase 1 - Full Analytics Surface › BI Pivot Builder & Template Gallery
BROWSER: [vite] connecting...

BROWSER: [vite] connected.

[chromium] › tests/phase-1/e2e.spec.ts:57:3 › Phase 1 - Full Analytics Surface › Data Ingestion & DuckDB
BROWSER: SW registered:  ServiceWorkerRegistration

[chromium] › tests/phase-1/e2e.spec.ts:64:3 › Phase 1 - Full Analytics Surface › BI Pivot Builder & Template Gallery
BROWSER: SW registered:  ServiceWorkerRegistration

BROWSER: {timestamp: Fri Jul 31 2026 14:34:02 GMT+0000 (Coordinated Universal Time), level: 2, origin: 4, topic: 4, event: 4}

BROWSER: {timestamp: Fri Jul 31 2026 14:34:02 GMT+0000 (Coordinated Universal Time), level: 2, origin: 4, topic: 4, event: 4}

BROWSER: %c[svelte] console_log_state
%cYour `console.log` contained `$state` proxies. Consider using `$inspect(...)` or `$state.snapshot(...)` instead
https://svelte.dev/e/console_log_state font-weight: bold font-weight: normal

BROWSER: %c[snapshot] color: grey Query result: {columns: Array(4), rows: Array(3), executionTimeMs: 39.41000000014901}

BROWSER: Query result: Proxy(Object)

  1) [chromium] › tests/phase-1/e2e.spec.ts:57:3 › Phase 1 - Full Analytics Surface › Data Ingestion & DuckDB

    Error: expect(locator).toBeVisible() failed

    Locator: getByText(/Successfully registered/i)
    Expected: visible
    Timeout: 90000ms
    Error: element(s) not found

    Call log:
      - Expect "toBeVisible" with timeout 90000ms
      - waiting for getByText(/Successfully registered/i)


      52 |     });
      53 |
    > 54 |     await expect(page.getByText(/Successfully registered/i)).toBeVisible({ timeout: 90000 });
         |                                                              ^
      55 |   }
      56 |
      57 |   test('Data Ingestion & DuckDB', async ({ page }) => {
        at uploadFile (/app/tests/phase-1/e2e.spec.ts:54:62)
        at /app/tests/phase-1/e2e.spec.ts:59:5

    Error Context: test-results/phase-1-e2e-Phase-1---Full-d112a-rface-Data-Ingestion-DuckDB-chromium/error-context.md


[5/6] [chromium] › tests/phase-1/e2e.spec.ts:99:3 › Phase 1 - Full Analytics Surface › Static HTML Report Export (UX-3)
[chromium] › tests/phase-1/e2e.spec.ts:99:3 › Phase 1 - Full Analytics Surface › Static HTML Report Export (UX-3)
BROWSER: [vite] connecting...

BROWSER: [vite] connected.

BROWSER: SW registered:  ServiceWorkerRegistration

BROWSER: {timestamp: Fri Jul 31 2026 14:35:33 GMT+0000 (Coordinated Universal Time), level: 2, origin: 4, topic: 4, event: 4}

BROWSER: {timestamp: Fri Jul 31 2026 14:35:33 GMT+0000 (Coordinated Universal Time), level: 2, origin: 4, topic: 4, event: 4}

BROWSER: %c[svelte] console_log_state
%cYour `console.log` contained `$state` proxies. Consider using `$inspect(...)` or `$state.snapshot(...)` instead
https://svelte.dev/e/console_log_state font-weight: bold font-weight: normal

BROWSER: %c[snapshot] color: grey Query result: {columns: Array(4), rows: Array(3), executionTimeMs: 42.44000000040978}

BROWSER: Query result: Proxy(Object)

[6/6] [chromium] › tests/phase-1/e2e.spec.ts:118:3 › Phase 1 - Full Analytics Surface › AI Consent Flow (No Mocking)
[chromium] › tests/phase-1/e2e.spec.ts:118:3 › Phase 1 - Full Analytics Surface › AI Consent Flow (No Mocking)
BROWSER: [vite] connecting...

BROWSER: [vite] connected.

BROWSER: SW registered:  ServiceWorkerRegistration

BROWSER: {timestamp: Fri Jul 31 2026 14:35:39 GMT+0000 (Coordinated Universal Time), level: 2, origin: 4, topic: 4, event: 4}

BROWSER: {timestamp: Fri Jul 31 2026 14:35:40 GMT+0000 (Coordinated Universal Time), level: 2, origin: 4, topic: 4, event: 4}

BROWSER: %c[svelte] console_log_state
%cYour `console.log` contained `$state` proxies. Consider using `$inspect(...)` or `$state.snapshot(...)` instead
https://svelte.dev/e/console_log_state font-weight: bold font-weight: normal

BROWSER: %c[snapshot] color: grey Query result: {columns: Array(4), rows: Array(3), executionTimeMs: 42.25999999977648}

BROWSER: Query result: Proxy(Object)

BROWSER: {timestamp: Fri Jul 31 2026 14:35:42 GMT+0000 (Coordinated Universal Time), level: 2, origin: 4, topic: 4, event: 4}

  2) [chromium] › tests/phase-1/e2e.spec.ts:64:3 › Phase 1 - Full Analytics Surface › BI Pivot Builder & Template Gallery

    Test timeout of 300000ms exceeded.

    Error: locator.click: Test timeout of 300000ms exceeded.
    Call log:
      - waiting for locator('button').filter({ hasText: '🔀 Pivot' })


      69 |
      70 |     // Switch to Pivot Builder panel
    > 71 |     await page.locator('button', { hasText: '🔀 Pivot' }).click();
         |                                                           ^
      72 |
      73 |     // Wait for Pivot Builder to appear
      74 |     await expect(page.locator('h2', { hasText: 'Pivot Builder' })).toBeVisible({ timeout: 60000 });
        at /app/tests/phase-1/e2e.spec.ts:71:59

    Error Context: test-results/phase-1-e2e-Phase-1---Full-a53b9-ot-Builder-Template-Gallery-chromium/error-context.md


  2 failed
    [chromium] › tests/phase-1/e2e.spec.ts:57:3 › Phase 1 - Full Analytics Surface › Data Ingestion & DuckDB
    [chromium] › tests/phase-1/e2e.spec.ts:64:3 › Phase 1 - Full Analytics Surface › BI Pivot Builder & Template Gallery
  4 passed (5.1m)
